// Jest Snapshot v1, https://goo.gl/fbAQLP

exports[`Overview 1`] = `
"<ForwardRef(render) css={{...}} __EMOTION_TYPE_PLEASE_DO_NOT_USE__=\\"section\\" __EMOTION_LABEL_PLEASE_DO_NOT_USE__=\\"Overview\\">
  <ForwardRef(render) css={{...}} __EMOTION_TYPE_PLEASE_DO_NOT_USE__=\\"h1\\" __EMOTION_LABEL_PLEASE_DO_NOT_USE__=\\"Overview\\">
    Hello 
  </ForwardRef(render)>
  <p>
    Lorem ipsum dolor, sit amet consectetur adipisicing elit. Hic nemo fugit quisquam tempora praesentium voluptatum cumque quod illo, vero reiciendis earum repudiandae quaerat quo similique ipsa omnis id suscipit magni?
  </p>
</ForwardRef(render)>"
`;
